[     247ms] [ERROR] Failed to load resource: the server responded with a status of 404 (Not Found) @ http://localhost:3001/Users/muharremdedeoglu/Documents/Aquarium1/.vinext/fonts/geist-8ac0455e797f/geist-ff2310f5.woff2:0
[     249ms] [ERROR] Failed to load resource: the server responded with a status of 404 (Not Found) @ http://localhost:3001/Users/muharremdedeoglu/Documents/Aquarium1/.vinext/fonts/geist-8ac0455e797f/geist-001175b1.woff2:0
[     253ms] [ERROR] Failed to load resource: the server responded with a status of 404 (Not Found) @ http://localhost:3001/Users/muharremdedeoglu/Documents/Aquarium1/.vinext/fonts/geist-8ac0455e797f/geist-52306abf.woff2:0
[     255ms] [ERROR] Failed to load resource: the server responded with a status of 404 (Not Found) @ http://localhost:3001/Users/muharremdedeoglu/Documents/Aquarium1/.vinext/fonts/geist-8ac0455e797f/geist-875ccdd4.woff2:0
[     269ms] [ERROR] Failed to load resource: the server responded with a status of 404 (Not Found) @ http://localhost:3001/Users/muharremdedeoglu/Documents/Aquarium1/.vinext/fonts/geist-mono-00e989178794/geist-mono-f6b33328.woff2:0
[     271ms] [ERROR] Failed to load resource: the server responded with a status of 404 (Not Found) @ http://localhost:3001/Users/muharremdedeoglu/Documents/Aquarium1/.vinext/fonts/geist-8ac0455e797f/geist-98bbbccb.woff2:0
[     340ms] [ERROR] Failed to load resource: the server responded with a status of 404 (Not Found) @ http://localhost:3001/Users/muharremdedeoglu/Documents/Aquarium1/.vinext/fonts/geist-mono-00e989178794/geist-mono-0638449e.woff2:0
[     341ms] [ERROR] Failed to load resource: the server responded with a status of 404 (Not Found) @ http://localhost:3001/Users/muharremdedeoglu/Documents/Aquarium1/.vinext/fonts/geist-mono-00e989178794/geist-mono-44745446.woff2:0
[     343ms] [ERROR] Failed to load resource: the server responded with a status of 404 (Not Found) @ http://localhost:3001/Users/muharremdedeoglu/Documents/Aquarium1/.vinext/fonts/geist-mono-00e989178794/geist-mono-013b2f2f.woff2:0
[     345ms] [ERROR] Failed to load resource: the server responded with a status of 404 (Not Found) @ http://localhost:3001/Users/muharremdedeoglu/Documents/Aquarium1/.vinext/fonts/geist-mono-00e989178794/geist-mono-44e03052.woff2:0
[     390ms] [ERROR] Failed to load resource: the server responded with a status of 404 (Not Found) @ http://localhost:3001/Users/muharremdedeoglu/Documents/Aquarium1/.vinext/fonts/geist-mono-00e989178794/geist-mono-971fb274.woff2:0
[     508ms] [INFO] %cDownload the React DevTools for a better development experience: https://react.dev/link/react-devtools font-weight:bold @ http://localhost:3001/node_modules/.vite/deps/react-dom_client.js?v=3c48ec89:14337
[  879591ms] [ERROR] TypeError: this.buildPlantLayer is not a function
    at new TankScene (http://localhost:3001/app/game/scene.ts?t=1786571647934:481:8)
    at http://localhost:3001/app/game/FishTankEmpire.tsx?t=1786571647934:108:17
    at Object.react_stack_bottom_frame (http://localhost:3001/node_modules/.vite/deps/react-dom_client.js?v=3c48ec89:12904:13)
    at runWithFiberInDEV (http://localhost:3001/node_modules/.vite/deps/react-dom_client.js?v=3c48ec89:851:66)
    at commitHookEffectListMount (http://localhost:3001/node_modules/.vite/deps/react-dom_client.js?v=3c48ec89:6617:153)
    at commitHookPassiveMountEffects (http://localhost:3001/node_modules/.vite/deps/react-dom_client.js?v=3c48ec89:6652:55)
    at commitPassiveMountOnFiber (http://localhost:3001/node_modules/.vite/deps/react-dom_client.js?v=3c48ec89:7618:22)
    at recursivelyTraversePassiveMountEffects (http://localhost:3001/node_modules/.vite/deps/react-dom_client.js?v=3c48ec89:7606:5)
    at commitPassiveMountOnFiber (http://localhost:3001/node_modules/.vite/deps/react-dom_client.js?v=3c48ec89:7617:6)
    at recursivelyTraversePassiveMountEffects (http://localhost:3001/node_modules/.vite/deps/react-dom_client.js?v=3c48ec89:7606:5) @ http://localhost:3001/@vite/client:509
[  879591ms] [ERROR] The above error occurred in a React component:

    at GameShell (http://localhost:3001/app/game/FishTankEmpire.tsx?t=1786571647934:90:22)
    at FishTankEmpire (http://localhost:3001/app/game/FishTankEmpire.tsx?t=1786571647934:39:17)
    at Home [Server] (<anonymous>)
    at AwaitAppRenderDependencies [Server] (<anonymous>)
    at Slot (http://localhost:3001/node_modules/vinext/dist/shims/slot.js?v=3c48ec89:42:17)
    at LayoutSegmentProvider (http://localhost:3001/node_modules/vinext/dist/shims/layout-segment-context.js?v=3c48ec89:32:34)
    at RedirectErrorBoundary (http://localhost:3001/node_modules/vinext/dist/shims/error-boundary.js?v=3c48ec89:56:3)
    at RedirectBoundary (http://localhost:3001/node_modules/vinext/dist/shims/error-boundary.js?v=3c48ec89:86:29)
    at Children (http://localhost:3001/node_modules/vinext/dist/shims/slot.js?v=3c48ec89:64:17)
    at body (<anonymous>)
    at html (<anonymous>)
    at RootLayout [Server] (<anonymous>)
    at default (about://React/Server/file:///Users/muharremdedeoglu/Development/Aquarium1/app/layout.tsx?1:84:26)
    at default (about://React/Server/file:///Users/muharremdedeoglu/Development/Aquarium1/app/layout.tsx?1:84:26)
    at Slot (http://localhost:3001/node_modules/vinext/dist/shims/slot.js?v=3c48ec89:42:17)
    at LayoutSegmentProvider (http://localhost:3001/node_modules/vinext/dist/shims/layout-segment-context.js?v=3c48ec89:32:34)
    at Slot (http://localhost:3001/node_modules/vinext/dist/shims/slot.js?v=3c48ec89:42:17)
    at NavigationCommitSignal (http://localhost:3001/node_modules/vinext/dist/server/app-browser-navigation-controller.js?v=3c48ec89:184:36)
    at RedirectErrorBoundary (http://localhost:3001/node_modules/vinext/dist/shims/error-boundary.js?v=3c48ec89:56:3)
    at RedirectBoundary (http://localhost:3001/node_modules/vinext/dist/shims/error-boundary.js?v=3c48ec89:86:29)
    at DevRecoveryBoundary (http://localhost:3001/node_modules/vinext/dist/shims/error-boundary.js?v=3c48ec89:268:3)
    at BrowserRoot (http://localhost:3001/node_modules/vinext/dist/server/app-browser-entry.js?v=3c48ec89:209:24) @ http://localhost:3001/@vite/client:509
[  885135ms] [ERROR] TypeError: this.buildPlantLayer is not a function
    at new TankScene (http://localhost:3001/app/game/scene.ts?t=1786571653478:481:8)
    at http://localhost:3001/app/game/FishTankEmpire.tsx?t=1786571653478:108:17
    at Object.react_stack_bottom_frame (http://localhost:3001/node_modules/.vite/deps/react-dom_client.js?v=3c48ec89:12904:13)
    at runWithFiberInDEV (http://localhost:3001/node_modules/.vite/deps/react-dom_client.js?v=3c48ec89:851:66)
    at commitHookEffectListMount (http://localhost:3001/node_modules/.vite/deps/react-dom_client.js?v=3c48ec89:6617:153)
    at commitHookPassiveMountEffects (http://localhost:3001/node_modules/.vite/deps/react-dom_client.js?v=3c48ec89:6652:55)
    at commitPassiveMountOnFiber (http://localhost:3001/node_modules/.vite/deps/react-dom_client.js?v=3c48ec89:7618:22)
    at recursivelyTraversePassiveMountEffects (http://localhost:3001/node_modules/.vite/deps/react-dom_client.js?v=3c48ec89:7606:5)
    at commitPassiveMountOnFiber (http://localhost:3001/node_modules/.vite/deps/react-dom_client.js?v=3c48ec89:7617:6)
    at recursivelyTraversePassiveMountEffects (http://localhost:3001/node_modules/.vite/deps/react-dom_client.js?v=3c48ec89:7606:5) @ http://localhost:3001/@vite/client:509
[  885135ms] [ERROR] The above error occurred in a React component:

    at GameShell (http://localhost:3001/app/game/FishTankEmpire.tsx?t=1786571653478:90:22)
    at FishTankEmpire (http://localhost:3001/app/game/FishTankEmpire.tsx?t=1786571653478:39:17)
    at Home [Server] (<anonymous>)
    at AwaitAppRenderDependencies [Server] (<anonymous>)
    at Slot (http://localhost:3001/node_modules/vinext/dist/shims/slot.js?v=3c48ec89:42:17)
    at LayoutSegmentProvider (http://localhost:3001/node_modules/vinext/dist/shims/layout-segment-context.js?v=3c48ec89:32:34)
    at RedirectErrorBoundary (http://localhost:3001/node_modules/vinext/dist/shims/error-boundary.js?v=3c48ec89:56:3)
    at RedirectBoundary (http://localhost:3001/node_modules/vinext/dist/shims/error-boundary.js?v=3c48ec89:86:29)
    at Children (http://localhost:3001/node_modules/vinext/dist/shims/slot.js?v=3c48ec89:64:17)
    at body (<anonymous>)
    at html (<anonymous>)
    at RootLayout [Server] (<anonymous>)
    at default (about://React/Server/file:///Users/muharremdedeoglu/Development/Aquarium1/app/layout.tsx?1:84:26)
    at default (about://React/Server/file:///Users/muharremdedeoglu/Development/Aquarium1/app/layout.tsx?1:84:26)
    at Slot (http://localhost:3001/node_modules/vinext/dist/shims/slot.js?v=3c48ec89:42:17)
    at LayoutSegmentProvider (http://localhost:3001/node_modules/vinext/dist/shims/layout-segment-context.js?v=3c48ec89:32:34)
    at Slot (http://localhost:3001/node_modules/vinext/dist/shims/slot.js?v=3c48ec89:42:17)
    at NavigationCommitSignal (http://localhost:3001/node_modules/vinext/dist/server/app-browser-navigation-controller.js?v=3c48ec89:184:36)
    at RedirectErrorBoundary (http://localhost:3001/node_modules/vinext/dist/shims/error-boundary.js?v=3c48ec89:56:3)
    at RedirectBoundary (http://localhost:3001/node_modules/vinext/dist/shims/error-boundary.js?v=3c48ec89:86:29)
    at DevRecoveryBoundary (http://localhost:3001/node_modules/vinext/dist/shims/error-boundary.js?v=3c48ec89:268:3)
    at BrowserRoot (http://localhost:3001/node_modules/vinext/dist/server/app-browser-entry.js?v=3c48ec89:209:24) @ http://localhost:3001/@vite/client:509
[ 1406710ms] [LOG] [vite] server connection lost. Polling for restart... @ http://localhost:3001/@vite/client:968
[ 1418206ms] [ERROR] Failed to load resource: the server responded with a status of 404 (Not Found) @ http://localhost:3001/Users/muharremdedeoglu/Documents/Aquarium1/.vinext/fonts/geist-8ac0455e797f/geist-875ccdd4.woff2:0
[ 1418211ms] [ERROR] Failed to load resource: the server responded with a status of 404 (Not Found) @ http://localhost:3001/Users/muharremdedeoglu/Documents/Aquarium1/.vinext/fonts/geist-mono-00e989178794/geist-mono-f6b33328.woff2:0
[ 1418214ms] [ERROR] Failed to load resource: the server responded with a status of 404 (Not Found) @ http://localhost:3001/Users/muharremdedeoglu/Documents/Aquarium1/.vinext/fonts/geist-8ac0455e797f/geist-52306abf.woff2:0
[ 1418217ms] [ERROR] Failed to load resource: the server responded with a status of 404 (Not Found) @ http://localhost:3001/Users/muharremdedeoglu/Documents/Aquarium1/.vinext/fonts/geist-8ac0455e797f/geist-98bbbccb.woff2:0
[ 1418220ms] [ERROR] Failed to load resource: the server responded with a status of 404 (Not Found) @ http://localhost:3001/Users/muharremdedeoglu/Documents/Aquarium1/.vinext/fonts/geist-8ac0455e797f/geist-001175b1.woff2:0
[ 1418223ms] [ERROR] Failed to load resource: the server responded with a status of 404 (Not Found) @ http://localhost:3001/Users/muharremdedeoglu/Documents/Aquarium1/.vinext/fonts/geist-8ac0455e797f/geist-ff2310f5.woff2:0
[ 1418436ms] [ERROR] Failed to load resource: the server responded with a status of 404 (Not Found) @ http://localhost:3001/Users/muharremdedeoglu/Documents/Aquarium1/.vinext/fonts/geist-mono-00e989178794/geist-mono-44e03052.woff2:0
[ 1418448ms] [ERROR] Failed to load resource: the server responded with a status of 404 (Not Found) @ http://localhost:3001/Users/muharremdedeoglu/Documents/Aquarium1/.vinext/fonts/geist-mono-00e989178794/geist-mono-44745446.woff2:0
[ 1418452ms] [ERROR] Failed to load resource: the server responded with a status of 404 (Not Found) @ http://localhost:3001/Users/muharremdedeoglu/Documents/Aquarium1/.vinext/fonts/geist-mono-00e989178794/geist-mono-0638449e.woff2:0
[ 1418477ms] [ERROR] Failed to load resource: the server responded with a status of 404 (Not Found) @ http://localhost:3001/Users/muharremdedeoglu/Documents/Aquarium1/.vinext/fonts/geist-mono-00e989178794/geist-mono-971fb274.woff2:0
[ 1418482ms] [ERROR] Failed to load resource: the server responded with a status of 404 (Not Found) @ http://localhost:3001/Users/muharremdedeoglu/Documents/Aquarium1/.vinext/fonts/geist-mono-00e989178794/geist-mono-013b2f2f.woff2:0
[ 1419356ms] [INFO] %cDownload the React DevTools for a better development experience: https://react.dev/link/react-devtools font-weight:bold @ http://localhost:3001/node_modules/.vite/deps/react-dom_client.js?v=f64baf5f:14337
[ 3198674ms] [WARNING] WARNING: Too many active WebGL contexts. Oldest context will be lost. @ http://localhost:3001/node_modules/.vite/deps/three.js?v=bf9d31ec:50694
[ 3253001ms] [WARNING] WARNING: Too many active WebGL contexts. Oldest context will be lost. @ http://localhost:3001/node_modules/.vite/deps/three.js?v=bf9d31ec:50694
[ 3360155ms] [WARNING] WARNING: Too many active WebGL contexts. Oldest context will be lost. @ http://localhost:3001/node_modules/.vite/deps/three.js?v=bf9d31ec:50694
[ 3867845ms] [WARNING] WARNING: Too many active WebGL contexts. Oldest context will be lost. @ http://localhost:3001/node_modules/.vite/deps/three.js?v=bf9d31ec:50694
[ 3954431ms] [WARNING] WARNING: Too many active WebGL contexts. Oldest context will be lost. @ http://localhost:3001/node_modules/.vite/deps/three.js?v=bf9d31ec:50694
[ 4054734ms] [WARNING] WARNING: Too many active WebGL contexts. Oldest context will be lost. @ http://localhost:3001/node_modules/.vite/deps/three.js?v=bf9d31ec:50694
[ 4144783ms] [WARNING] WARNING: Too many active WebGL contexts. Oldest context will be lost. @ http://localhost:3001/node_modules/.vite/deps/three.js?v=bf9d31ec:50694
[ 4789773ms] [WARNING] WARNING: Too many active WebGL contexts. Oldest context will be lost. @ http://localhost:3001/node_modules/.vite/deps/three.js?v=bf9d31ec:50694
[ 4815158ms] [WARNING] WARNING: Too many active WebGL contexts. Oldest context will be lost. @ http://localhost:3001/node_modules/.vite/deps/three.js?v=bf9d31ec:50694
[ 4908396ms] [WARNING] WARNING: Too many active WebGL contexts. Oldest context will be lost. @ http://localhost:3001/node_modules/.vite/deps/three.js?v=bf9d31ec:50694
[ 5224191ms] [WARNING] WARNING: Too many active WebGL contexts. Oldest context will be lost. @ http://localhost:3001/node_modules/.vite/deps/three.js?v=bf9d31ec:50694
[ 5237429ms] [WARNING] WARNING: Too many active WebGL contexts. Oldest context will be lost. @ http://localhost:3001/node_modules/.vite/deps/three.js?v=bf9d31ec:50694
[ 5440748ms] [WARNING] WARNING: Too many active WebGL contexts. Oldest context will be lost. @ http://localhost:3001/node_modules/.vite/deps/three.js?v=bf9d31ec:50694
[ 5557589ms] [LOG] [vite] server connection lost. Polling for restart... @ http://localhost:3001/@vite/client:968
