[    2087ms] [ERROR] Failed to load resource: the server responded with a status of 404 (Not Found) @ http://localhost:3001/Users/muharremdedeoglu/Documents/Aquarium1/.vinext/fonts/geist-8ac0455e797f/geist-ff2310f5.woff2:0
[    2088ms] [ERROR] Failed to load resource: the server responded with a status of 404 (Not Found) @ http://localhost:3001/Users/muharremdedeoglu/Documents/Aquarium1/.vinext/fonts/geist-8ac0455e797f/geist-52306abf.woff2:0
[    2089ms] [ERROR] Failed to load resource: the server responded with a status of 404 (Not Found) @ http://localhost:3001/Users/muharremdedeoglu/Documents/Aquarium1/.vinext/fonts/geist-8ac0455e797f/geist-001175b1.woff2:0
[    2090ms] [ERROR] Failed to load resource: the server responded with a status of 404 (Not Found) @ http://localhost:3001/Users/muharremdedeoglu/Documents/Aquarium1/.vinext/fonts/geist-8ac0455e797f/geist-875ccdd4.woff2:0
[    2096ms] [ERROR] Failed to load resource: the server responded with a status of 404 (Not Found) @ http://localhost:3001/Users/muharremdedeoglu/Documents/Aquarium1/.vinext/fonts/geist-8ac0455e797f/geist-98bbbccb.woff2:0
[    2107ms] [ERROR] Failed to load resource: the server responded with a status of 404 (Not Found) @ http://localhost:3001/Users/muharremdedeoglu/Documents/Aquarium1/.vinext/fonts/geist-mono-00e989178794/geist-mono-f6b33328.woff2:0
[    2246ms] [ERROR] Failed to load resource: the server responded with a status of 404 (Not Found) @ http://localhost:3001/Users/muharremdedeoglu/Documents/Aquarium1/.vinext/fonts/geist-mono-00e989178794/geist-mono-0638449e.woff2:0
[    2246ms] [ERROR] Failed to load resource: the server responded with a status of 404 (Not Found) @ http://localhost:3001/Users/muharremdedeoglu/Documents/Aquarium1/.vinext/fonts/geist-mono-00e989178794/geist-mono-971fb274.woff2:0
[    2247ms] [ERROR] Failed to load resource: the server responded with a status of 404 (Not Found) @ http://localhost:3001/Users/muharremdedeoglu/Documents/Aquarium1/.vinext/fonts/geist-mono-00e989178794/geist-mono-44e03052.woff2:0
[    2247ms] [ERROR] Failed to load resource: the server responded with a status of 404 (Not Found) @ http://localhost:3001/Users/muharremdedeoglu/Documents/Aquarium1/.vinext/fonts/geist-mono-00e989178794/geist-mono-44745446.woff2:0
[    2247ms] [ERROR] Failed to load resource: the server responded with a status of 404 (Not Found) @ http://localhost:3001/Users/muharremdedeoglu/Documents/Aquarium1/.vinext/fonts/geist-mono-00e989178794/geist-mono-013b2f2f.woff2:0
[    2518ms] [INFO] %cDownload the React DevTools for a better development experience: https://react.dev/link/react-devtools font-weight:bold @ http://localhost:3001/node_modules/.vite/deps/react-dom_client.js?v=3c48ec89:14337
[  137634ms] [LOG] [vite] server connection lost. Polling for restart... @ http://localhost:3001/@vite/client:968
[  325753ms] [ERROR] Failed to load resource: the server responded with a status of 404 (Not Found) @ http://localhost:3001/Users/muharremdedeoglu/Documents/Aquarium1/.vinext/fonts/geist-8ac0455e797f/geist-ff2310f5.woff2:0
[  325754ms] [ERROR] Failed to load resource: the server responded with a status of 404 (Not Found) @ http://localhost:3001/Users/muharremdedeoglu/Documents/Aquarium1/.vinext/fonts/geist-8ac0455e797f/geist-875ccdd4.woff2:0
[  325755ms] [ERROR] Failed to load resource: the server responded with a status of 404 (Not Found) @ http://localhost:3001/Users/muharremdedeoglu/Documents/Aquarium1/.vinext/fonts/geist-8ac0455e797f/geist-52306abf.woff2:0
[  325759ms] [ERROR] Failed to load resource: the server responded with a status of 404 (Not Found) @ http://localhost:3001/Users/muharremdedeoglu/Documents/Aquarium1/.vinext/fonts/geist-8ac0455e797f/geist-001175b1.woff2:0
[  325760ms] [ERROR] Failed to load resource: the server responded with a status of 404 (Not Found) @ http://localhost:3001/Users/muharremdedeoglu/Documents/Aquarium1/.vinext/fonts/geist-8ac0455e797f/geist-98bbbccb.woff2:0
[  325760ms] [ERROR] Failed to load resource: the server responded with a status of 404 (Not Found) @ http://localhost:3001/Users/muharremdedeoglu/Documents/Aquarium1/.vinext/fonts/geist-mono-00e989178794/geist-mono-f6b33328.woff2:0
[  325886ms] [ERROR] Failed to load resource: the server responded with a status of 404 (Not Found) @ http://localhost:3001/Users/muharremdedeoglu/Documents/Aquarium1/.vinext/fonts/geist-mono-00e989178794/geist-mono-44e03052.woff2:0
[  325886ms] [ERROR] Failed to load resource: the server responded with a status of 404 (Not Found) @ http://localhost:3001/Users/muharremdedeoglu/Documents/Aquarium1/.vinext/fonts/geist-mono-00e989178794/geist-mono-971fb274.woff2:0
[  325887ms] [ERROR] Failed to load resource: the server responded with a status of 404 (Not Found) @ http://localhost:3001/Users/muharremdedeoglu/Documents/Aquarium1/.vinext/fonts/geist-mono-00e989178794/geist-mono-0638449e.woff2:0
[  325888ms] [ERROR] Failed to load resource: the server responded with a status of 404 (Not Found) @ http://localhost:3001/Users/muharremdedeoglu/Documents/Aquarium1/.vinext/fonts/geist-mono-00e989178794/geist-mono-44745446.woff2:0
[  325891ms] [ERROR] Failed to load resource: the server responded with a status of 404 (Not Found) @ http://localhost:3001/Users/muharremdedeoglu/Documents/Aquarium1/.vinext/fonts/geist-mono-00e989178794/geist-mono-013b2f2f.woff2:0
[  325994ms] [INFO] %cDownload the React DevTools for a better development experience: https://react.dev/link/react-devtools font-weight:bold @ http://localhost:3001/node_modules/.vite/deps/react-dom_client.js?v=3c48ec89:14337
