[     294ms] [ERROR] Failed to load resource: the server responded with a status of 404 (Not Found) @ http://localhost:3001/Users/muharremdedeoglu/Documents/Aquarium1/.vinext/fonts/geist-8ac0455e797f/geist-001175b1.woff2:0
[     295ms] [ERROR] Failed to load resource: the server responded with a status of 404 (Not Found) @ http://localhost:3001/Users/muharremdedeoglu/Documents/Aquarium1/.vinext/fonts/geist-8ac0455e797f/geist-875ccdd4.woff2:0
[     300ms] [ERROR] Failed to load resource: the server responded with a status of 404 (Not Found) @ http://localhost:3001/Users/muharremdedeoglu/Documents/Aquarium1/.vinext/fonts/geist-8ac0455e797f/geist-ff2310f5.woff2:0
[     307ms] [ERROR] Failed to load resource: the server responded with a status of 404 (Not Found) @ http://localhost:3001/Users/muharremdedeoglu/Documents/Aquarium1/.vinext/fonts/geist-8ac0455e797f/geist-52306abf.woff2:0
[     309ms] [ERROR] Failed to load resource: the server responded with a status of 404 (Not Found) @ http://localhost:3001/Users/muharremdedeoglu/Documents/Aquarium1/.vinext/fonts/geist-mono-00e989178794/geist-mono-f6b33328.woff2:0
[     312ms] [ERROR] Failed to load resource: the server responded with a status of 404 (Not Found) @ http://localhost:3001/Users/muharremdedeoglu/Documents/Aquarium1/.vinext/fonts/geist-8ac0455e797f/geist-98bbbccb.woff2:0
[     434ms] [ERROR] Failed to load resource: the server responded with a status of 404 (Not Found) @ http://localhost:3001/Users/muharremdedeoglu/Documents/Aquarium1/.vinext/fonts/geist-mono-00e989178794/geist-mono-971fb274.woff2:0
[     434ms] [ERROR] Failed to load resource: the server responded with a status of 404 (Not Found) @ http://localhost:3001/Users/muharremdedeoglu/Documents/Aquarium1/.vinext/fonts/geist-mono-00e989178794/geist-mono-44e03052.woff2:0
[     434ms] [ERROR] Failed to load resource: the server responded with a status of 404 (Not Found) @ http://localhost:3001/Users/muharremdedeoglu/Documents/Aquarium1/.vinext/fonts/geist-mono-00e989178794/geist-mono-0638449e.woff2:0
[     434ms] [ERROR] Failed to load resource: the server responded with a status of 404 (Not Found) @ http://localhost:3001/Users/muharremdedeoglu/Documents/Aquarium1/.vinext/fonts/geist-mono-00e989178794/geist-mono-44745446.woff2:0
[     434ms] [ERROR] Failed to load resource: the server responded with a status of 404 (Not Found) @ http://localhost:3001/Users/muharremdedeoglu/Documents/Aquarium1/.vinext/fonts/geist-mono-00e989178794/geist-mono-013b2f2f.woff2:0
[     590ms] [INFO] %cDownload the React DevTools for a better development experience: https://react.dev/link/react-devtools font-weight:bold @ http://localhost:3001/node_modules/.vite/deps/react-dom_client.js?v=3c48ec89:14337
[   45402ms] [LOG] [vite] server connection lost. Polling for restart... @ http://localhost:3001/@vite/client:968
[  483720ms] [ERROR] Failed to load resource: the server responded with a status of 404 (Not Found) @ http://localhost:3001/Users/muharremdedeoglu/Documents/Aquarium1/.vinext/fonts/geist-8ac0455e797f/geist-875ccdd4.woff2:0
[  483722ms] [ERROR] Failed to load resource: the server responded with a status of 404 (Not Found) @ http://localhost:3001/Users/muharremdedeoglu/Documents/Aquarium1/.vinext/fonts/geist-8ac0455e797f/geist-52306abf.woff2:0
[  483723ms] [ERROR] Failed to load resource: the server responded with a status of 404 (Not Found) @ http://localhost:3001/Users/muharremdedeoglu/Documents/Aquarium1/.vinext/fonts/geist-8ac0455e797f/geist-ff2310f5.woff2:0
[  483735ms] [ERROR] Failed to load resource: the server responded with a status of 404 (Not Found) @ http://localhost:3001/Users/muharremdedeoglu/Documents/Aquarium1/.vinext/fonts/geist-8ac0455e797f/geist-001175b1.woff2:0
[  483737ms] [ERROR] Failed to load resource: the server responded with a status of 404 (Not Found) @ http://localhost:3001/Users/muharremdedeoglu/Documents/Aquarium1/.vinext/fonts/geist-8ac0455e797f/geist-98bbbccb.woff2:0
[  483750ms] [ERROR] Failed to load resource: the server responded with a status of 404 (Not Found) @ http://localhost:3001/Users/muharremdedeoglu/Documents/Aquarium1/.vinext/fonts/geist-mono-00e989178794/geist-mono-f6b33328.woff2:0
[  483933ms] [ERROR] Failed to load resource: the server responded with a status of 404 (Not Found) @ http://localhost:3001/Users/muharremdedeoglu/Documents/Aquarium1/.vinext/fonts/geist-mono-00e989178794/geist-mono-44e03052.woff2:0
[  483936ms] [ERROR] Failed to load resource: the server responded with a status of 404 (Not Found) @ http://localhost:3001/Users/muharremdedeoglu/Documents/Aquarium1/.vinext/fonts/geist-mono-00e989178794/geist-mono-0638449e.woff2:0
[  483938ms] [ERROR] Failed to load resource: the server responded with a status of 404 (Not Found) @ http://localhost:3001/Users/muharremdedeoglu/Documents/Aquarium1/.vinext/fonts/geist-mono-00e989178794/geist-mono-971fb274.woff2:0
[  483946ms] [ERROR] Failed to load resource: the server responded with a status of 404 (Not Found) @ http://localhost:3001/Users/muharremdedeoglu/Documents/Aquarium1/.vinext/fonts/geist-mono-00e989178794/geist-mono-013b2f2f.woff2:0
[  483949ms] [ERROR] Failed to load resource: the server responded with a status of 404 (Not Found) @ http://localhost:3001/Users/muharremdedeoglu/Documents/Aquarium1/.vinext/fonts/geist-mono-00e989178794/geist-mono-44745446.woff2:0
[  484187ms] [INFO] %cDownload the React DevTools for a better development experience: https://react.dev/link/react-devtools font-weight:bold @ http://localhost:3001/node_modules/.vite/deps/react-dom_client.js?v=3c48ec89:14337
